
> sitecraft-ai@0.1.0 build
> next build

Ôû▓ Next.js 16.2.9 (Turbopack)
- Environments: .env.local

node.exe : ÔÜá The 
"middleware" file convention 
is deprecated. Please use 
"proxy" instead. Learn more: 
https://nextjs.org/docs/messa
ges/middleware-to-proxy
At line:1 char:1
+ & "E:\FOR C APPS/node.exe" 
"C:\Users\attar\AppData\Roami
ng\npm/node_m ...
+ ~~~~~~~~~~~~~~~~~~~~~~~~~~~
~~~~~~~~~~~~~~~~~~~~~~~~~~~~~
~~~~~~~~~~~~~
    + CategoryInfo           
   : NotSpecified: (ÔÜá The  
   "middle...leware-to-pro   
 xy:String) [], RemoteExc    
eption
    + FullyQualifiedErrorId  
   : NativeCommandError
 
  Creating an optimized production build ...
Ô£ô Compiled successfully in 16.3s
  Running TypeScript ...
  Finished TypeScript in 174ms ...
  Collecting page data using 7 workers ...
Error: JWT_SECRET is 
required in production
    at module evaluation (E:\
sitecraft-ai\.next\server\chu
nks\[root-of-the-server]__0g-
qf-w._.js:1:54556)
    at instantiateModule (E:\
sitecraft-ai\.next\server\chu
nks\[turbopack]_runtime.js:85
3:9)
    at getOrInstantiateModule
FromParent (E:\sitecraft-ai\.
next\server\chunks\[turbopack
]_runtime.js:877:12)
    at Context.esmImport [as 
i] (E:\sitecraft-ai\.next\ser
ver\chunks\[turbopack]_runtim
e.js:281:20)
    at module evaluation (E:\
sitecraft-ai\.next\server\chu
nks\[root-of-the-server]__0o7
7-ur._.js:1:3064)
    at instantiateModule (E:\
sitecraft-ai\.next\server\chu
nks\[turbopack]_runtime.js:85
3:9)
    at 
instantiateRuntimeModule (E:\
sitecraft-ai\.next\server\chu
nks\[turbopack]_runtime.js:88
2:12)
    at getOrInstantiateRuntim
eModule (E:\sitecraft-ai\.nex
t\server\chunks\[turbopack]_r
untime.js:895:12)
    at Object.m (E:\sitecraft
-ai\.next\server\chunks\[turb
opack]_runtime.js:898:18)
    at Object.<anonymous> (E:
\sitecraft-ai\.next\server\ap
p\api\auth\me\route.js:7:3)

> Build error occurred
Error: Failed to collect 
page data for /api/auth/me
    at ignore-listed frames {
  type: 'Error'
}
